Archive member included to satisfy reference by file (symbol)

/usr/local/gcc-arm-none-eabi-5_2-2015q4/bin/../lib/gcc/arm-none-eabi/5.2.1/../../../../arm-none-eabi/lib/armv7-m/libc.a(lib_a-memcpy.o)
                              matrix.o (memcpy)
/usr/local/gcc-arm-none-eabi-5_2-2015q4/bin/../lib/gcc/arm-none-eabi/5.2.1/../../../../arm-none-eabi/lib/armv7-m/libc.a(lib_a-memset.o)
                              matrix.o (memset)

Allocating common symbols
Common symbol       size              file

__dso_handle        0x4               bmptk_cortex.o

Discarded input sections

 .text          0x00000000        0x0 startup_sam3xa.o
 .data          0x00000000        0x0 startup_sam3xa.o
 .bss           0x00000000        0x0 startup_sam3xa.o
 .group         0x00000000        0x8 matrix.o
 .group         0x00000000        0x8 matrix.o
 .group         0x00000000        0x8 matrix.o
 .group         0x00000000        0x8 matrix.o
 .group         0x00000000        0x8 matrix.o
 .group         0x00000000        0x8 matrix.o
 .group         0x00000000        0x8 matrix.o
 .group         0x00000000        0x8 matrix.o
 .group         0x00000000        0x8 matrix.o
 .group         0x00000000        0x8 matrix.o
 .group         0x00000000        0x8 matrix.o
 .group         0x00000000        0x8 matrix.o
 .group         0x00000000        0x8 matrix.o
 .group         0x00000000        0x8 matrix.o
 .group         0x00000000        0x8 matrix.o
 .group         0x00000000        0x8 matrix.o
 .group         0x00000000        0x8 matrix.o
 .group         0x00000000        0x8 matrix.o
 .group         0x00000000        0x8 matrix.o
 .group         0x00000000        0x8 matrix.o
 .group         0x00000000        0x8 matrix.o
 .group         0x00000000        0x8 matrix.o
 .group         0x00000000        0x8 matrix.o
 .group         0x00000000        0x8 matrix.o
 .group         0x00000000        0x8 matrix.o
 .group         0x00000000        0x8 matrix.o
 .group         0x00000000        0x8 matrix.o
 .group         0x00000000        0x8 matrix.o
 .group         0x00000000        0x8 matrix.o
 .text          0x00000000        0x0 matrix.o
 .data          0x00000000        0x0 matrix.o
 .bss           0x00000000        0x0 matrix.o
 .text._ZN5hwlib19_pin_in_dummy_class3getEv
                0x00000000        0x4 matrix.o
 .text._ZN5hwlib20_pin_out_dummy_class3setEb
                0x00000000        0x2 matrix.o
 .text._ZN5hwlib23_pin_in_out_dummy_class3setEb
                0x00000000        0x2 matrix.o
 .text._ZN5hwlib23_pin_in_out_dummy_class3getEv
                0x00000000        0x4 matrix.o
 .text._ZN5hwlib23_pin_in_out_dummy_class19direction_set_inputEv
                0x00000000        0x2 matrix.o
 .text._ZN5hwlib23_pin_in_out_dummy_class20direction_set_outputEv
                0x00000000        0x2 matrix.o
 .text._ZN5hwlib19_pin_oc_dummy_class3setEb
                0x00000000        0x2 matrix.o
 .text._ZN5hwlib19_pin_oc_dummy_class3getEv
                0x00000000        0x4 matrix.o
 .text._ZN5hwlib7ostream5flushEv
                0x00000000        0x2 matrix.o
 .text._ZN6Screen10fillScreenEhhh
                0x00000000        0x2 matrix.o
 .text._ZN6Screen10fillScreenEm
                0x00000000        0x2 matrix.o
 .text._ZN6Screen5startEv
                0x00000000        0x2 matrix.o
 .text._ZN6Screen4stopEv
                0x00000000        0x2 matrix.o
 .text._ZN6Screen11swap_bufferEb
                0x00000000        0x2 matrix.o
 .text._ZN6Screen6updateEv
                0x00000000        0x2 matrix.o
 .text._ZN5hwlib6window5writeENS_8locationENS_5colorE
                0x00000000       0x3e matrix.o
 .text._ZN5hwlib4line4drawERNS_6windowE
                0x00000000       0xa4 matrix.o
 .text._ZN5hwlib6circle4drawERNS_6windowE
                0x00000000      0x2ec matrix.o
 .text._ZN5hwlib4randEv
                0x00000000       0x20 matrix.o
 .text._ZN5hwlib15random_in_rangeEjj
                0x00000000       0x1a matrix.o
 .text._ZN5hwlib7wait_usEi
                0x00000000       0x28 matrix.o
 .text._ZN5hwlib24uart_putc_bit_banged_pinEcRNS_7pin_outE
                0x00000000       0x5c matrix.o
 .text._ZN5hwlib7wait_nsEi
                0x00000000       0x10 matrix.o
 .text._ZN5hwlib7wait_msEi
                0x00000000       0x16 matrix.o
 .text._ZN5hwlib5blinkERNS_7pin_outEi
                0x00000000       0x28 matrix.o
 .text._ZN5hwlib4kittERNS_11port_in_outEi
                0x00000000       0x54 matrix.o
 .text._ZN5hwlib4kittERNS_8port_outEi
                0x00000000       0x4e matrix.o
 .text._ZN5hwlib4kittERNS_7port_ocEi
                0x00000000       0x4e matrix.o
 .text._ZN5hwlib21graphics_random_linesERNS_6windowE
                0x00000000       0xe8 matrix.o
 .text._ZN5hwlib23graphics_random_circlesERNS_6windowE
                0x00000000       0x8c matrix.o
 .text._ZN5hwlib9uart_putcEc
                0x00000000       0x3c matrix.o
 .text._ZN5hwlib20cout_using_uart_putc4putcEc
                0x00000000        0xa matrix.o
 .text._ZN6matrixC2EiibN3due7pin_outES1_S1_S1_S1_S1_S1_S1_S1_S1_S1_S1_S1_
                0x00000000      0x160 matrix.o
 .rodata._ZTVN5hwlib19_pin_in_dummy_classE
                0x00000000        0xc matrix.o
 .rodata._ZTVN5hwlib20_pin_out_dummy_classE
                0x00000000        0xc matrix.o
 .rodata._ZTVN5hwlib23_pin_in_out_dummy_classE
                0x00000000       0x18 matrix.o
 .rodata._ZTVN5hwlib19_pin_oc_dummy_classE
                0x00000000       0x10 matrix.o
 .rodata._ZTVN5hwlib20cout_using_uart_putcE
                0x00000000       0x10 matrix.o
 .rodata._ZTVN5hwlib4lineE
                0x00000000        0xc matrix.o
 .rodata._ZTVN5hwlib6circleE
                0x00000000        0xc matrix.o
 .bss._ZGVZN5hwlib9uart_putcEcE3pin
                0x00000000        0x4 matrix.o
 .data._ZN5hwlib12pin_in_dummyE
                0x00000000        0x4 matrix.o
 .data._ZN5hwlib16pin_in_out_dummyE
                0x00000000        0x4 matrix.o
 .data._ZN5hwlib12pin_oc_dummyE
                0x00000000        0x4 matrix.o
 .bss._ZZN5hwlib9uart_putcEcE3pin
                0x00000000        0xc matrix.o
 .bss._ZZN5hwlib4randEvE1n
                0x00000000        0x4 matrix.o
 .data._ZN5hwlib13pin_out_dummyE
                0x00000000        0x4 matrix.o
 .data._ZN5hwlib4coutE
                0x00000000       0x14 matrix.o
 .text          0x00000000        0x0 Image.o
 .data          0x00000000        0x0 Image.o
 .bss           0x00000000        0x0 Image.o
 .group         0x00000000        0x8 String.o
 .group         0x00000000        0x8 String.o
 .group         0x00000000        0x8 String.o
 .group         0x00000000        0x8 String.o
 .group         0x00000000        0x8 String.o
 .group         0x00000000        0x8 String.o
 .group         0x00000000        0x8 String.o
 .group         0x00000000        0x8 String.o
 .group         0x00000000        0x8 String.o
 .group         0x00000000        0x8 String.o
 .group         0x00000000        0x8 String.o
 .group         0x00000000        0x8 String.o
 .group         0x00000000        0x8 String.o
 .group         0x00000000        0x8 String.o
 .group         0x00000000        0x8 String.o
 .group         0x00000000        0x8 String.o
 .group         0x00000000        0x8 String.o
 .group         0x00000000        0x8 String.o
 .group         0x00000000        0x8 String.o
 .group         0x00000000        0x8 String.o
 .group         0x00000000        0x8 String.o
 .group         0x00000000        0x8 String.o
 .text          0x00000000        0x0 String.o
 .data          0x00000000        0x0 String.o
 .bss           0x00000000        0x0 String.o
 .text._ZN5hwlib19_pin_in_dummy_class3getEv
                0x00000000        0x4 String.o
 .text._ZN5hwlib20_pin_out_dummy_class3setEb
                0x00000000        0x2 String.o
 .text._ZN5hwlib23_pin_in_out_dummy_class3setEb
                0x00000000        0x2 String.o
 .text._ZN5hwlib23_pin_in_out_dummy_class3getEv
                0x00000000        0x4 String.o
 .text._ZN5hwlib23_pin_in_out_dummy_class19direction_set_inputEv
                0x00000000        0x2 String.o
 .text._ZN5hwlib23_pin_in_out_dummy_class20direction_set_outputEv
                0x00000000        0x2 String.o
 .text._ZN5hwlib19_pin_oc_dummy_class3setEb
                0x00000000        0x2 String.o
 .text._ZN5hwlib19_pin_oc_dummy_class3getEv
                0x00000000        0x4 String.o
 .text._ZN5hwlib7ostream5flushEv
                0x00000000        0x2 String.o
 .text._ZN3due7pin_out3setEb
                0x00000000        0xe String.o
 .text._ZN5hwlib6window5writeENS_8locationENS_5colorE
                0x00000000       0x3e String.o
 .text._ZN5hwlib4line4drawERNS_6windowE
                0x00000000       0xa4 String.o
 .text._ZN5hwlib6circle4drawERNS_6windowE
                0x00000000      0x2ec String.o
 .text._ZN5hwlib4randEv
                0x00000000       0x20 String.o
 .text._ZN5hwlib15random_in_rangeEjj
                0x00000000       0x1a String.o
 .text._ZN3due8pin_infoENS_4pinsE
                0x00000000       0x20 String.o
 .text._ZN3due14port_registersEi
                0x00000000       0x48 String.o
 .text._ZN5hwlib7wait_usEi
                0x00000000       0x28 String.o
 .text._ZN5hwlib24uart_putc_bit_banged_pinEcRNS_7pin_outE
                0x00000000       0x5c String.o
 .text._ZN5hwlib7wait_nsEi
                0x00000000       0x10 String.o
 .text._ZN5hwlib7wait_msEi
                0x00000000       0x16 String.o
 .text._ZN5hwlib5blinkERNS_7pin_outEi
                0x00000000       0x28 String.o
 .text._ZN5hwlib4kittERNS_11port_in_outEi
                0x00000000       0x54 String.o
 .text._ZN5hwlib4kittERNS_8port_outEi
                0x00000000       0x4e String.o
 .text._ZN5hwlib4kittERNS_7port_ocEi
                0x00000000       0x4e String.o
 .text._ZN5hwlib21graphics_random_linesERNS_6windowE
                0x00000000       0xe8 String.o
 .text._ZN5hwlib23graphics_random_circlesERNS_6windowE
                0x00000000       0x8c String.o
 .text._ZN5hwlib9uart_putcEc
                0x00000000       0x3c String.o
 .text._ZN5hwlib20cout_using_uart_putc4putcEc
                0x00000000        0xa String.o
 .text._ZN6String8setColorEm
                0x00000000       0x12 String.o
 .text._ZN6String8setColorEhhh
                0x00000000        0xe String.o
 .rodata._ZTVN5hwlib19_pin_in_dummy_classE
                0x00000000        0xc String.o
 .rodata._ZTVN5hwlib20_pin_out_dummy_classE
                0x00000000        0xc String.o
 .rodata._ZTVN5hwlib23_pin_in_out_dummy_classE
                0x00000000       0x18 String.o
 .rodata._ZTVN5hwlib19_pin_oc_dummy_classE
                0x00000000       0x10 String.o
 .rodata._ZTVN5hwlib20cout_using_uart_putcE
                0x00000000       0x10 String.o
 .rodata._ZTVN5hwlib4lineE
                0x00000000        0xc String.o
 .rodata._ZTVN5hwlib6circleE
                0x00000000        0xc String.o
 .rodata._ZTVN3due7pin_outE
                0x00000000        0xc String.o
 .bss._ZGVZN5hwlib9uart_putcEcE3pin
                0x00000000        0x4 String.o
 .data._ZN5hwlib12pin_in_dummyE
                0x00000000        0x4 String.o
 .data._ZN5hwlib16pin_in_out_dummyE
                0x00000000        0x4 String.o
 .bss._ZZN5hwlib9uart_putcEcE3pin
                0x00000000        0xc String.o
 .bss._ZZN5hwlib4randEvE1n
                0x00000000        0x4 String.o
 .data._ZN5hwlib13pin_out_dummyE
                0x00000000        0x4 String.o
 .rodata.str1.1
                0x00000000       0x17 String.o
 .data._ZN5hwlib4coutE
                0x00000000       0x14 String.o
 .rodata._ZZN3due8pin_infoENS_4pinsEE14pin_info_array
                0x00000000       0xa4 String.o
 .data._ZN5hwlib12pin_oc_dummyE
                0x00000000        0x4 String.o
 .group         0x00000000        0x8 AnimatedImage.o
 .group         0x00000000        0x8 AnimatedImage.o
 .group         0x00000000        0x8 AnimatedImage.o
 .group         0x00000000        0x8 AnimatedImage.o
 .group         0x00000000        0x8 AnimatedImage.o
 .group         0x00000000        0x8 AnimatedImage.o
 .group         0x00000000        0x8 AnimatedImage.o
 .group         0x00000000        0x8 AnimatedImage.o
 .group         0x00000000        0x8 AnimatedImage.o
 .group         0x00000000        0x8 AnimatedImage.o
 .group         0x00000000        0x8 AnimatedImage.o
 .group         0x00000000        0x8 AnimatedImage.o
 .group         0x00000000        0x8 AnimatedImage.o
 .group         0x00000000        0x8 AnimatedImage.o
 .group         0x00000000        0x8 AnimatedImage.o
 .group         0x00000000        0x8 AnimatedImage.o
 .group         0x00000000        0x8 AnimatedImage.o
 .group         0x00000000        0x8 AnimatedImage.o
 .group         0x00000000        0x8 AnimatedImage.o
 .group         0x00000000        0x8 AnimatedImage.o
 .group         0x00000000        0x8 AnimatedImage.o
 .group         0x00000000        0x8 AnimatedImage.o
 .text          0x00000000        0x0 AnimatedImage.o
 .data          0x00000000        0x0 AnimatedImage.o
 .bss           0x00000000        0x0 AnimatedImage.o
 .text._ZN5hwlib19_pin_in_dummy_class3getEv
                0x00000000        0x4 AnimatedImage.o
 .text._ZN5hwlib20_pin_out_dummy_class3setEb
                0x00000000        0x2 AnimatedImage.o
 .text._ZN5hwlib23_pin_in_out_dummy_class3setEb
                0x00000000        0x2 AnimatedImage.o
 .text._ZN5hwlib23_pin_in_out_dummy_class3getEv
                0x00000000        0x4 AnimatedImage.o
 .text._ZN5hwlib23_pin_in_out_dummy_class19direction_set_inputEv
                0x00000000        0x2 AnimatedImage.o
 .text._ZN5hwlib23_pin_in_out_dummy_class20direction_set_outputEv
                0x00000000        0x2 AnimatedImage.o
 .text._ZN5hwlib19_pin_oc_dummy_class3setEb
                0x00000000        0x2 AnimatedImage.o
 .text._ZN5hwlib19_pin_oc_dummy_class3getEv
                0x00000000        0x4 AnimatedImage.o
 .text._ZN5hwlib7ostream5flushEv
                0x00000000        0x2 AnimatedImage.o
 .text._ZN3due7pin_out3setEb
                0x00000000        0xe AnimatedImage.o
 .text._ZN5hwlib6window5writeENS_8locationENS_5colorE
                0x00000000       0x3e AnimatedImage.o
 .text._ZN5hwlib4line4drawERNS_6windowE
                0x00000000       0xa4 AnimatedImage.o
 .text._ZN5hwlib6circle4drawERNS_6windowE
                0x00000000      0x2ec AnimatedImage.o
 .text._ZN5hwlib4randEv
                0x00000000       0x20 AnimatedImage.o
 .text._ZN5hwlib15random_in_rangeEjj
                0x00000000       0x1a AnimatedImage.o
 .text._ZN3due8pin_infoENS_4pinsE
                0x00000000       0x20 AnimatedImage.o
 .text._ZN3due14port_registersEi
                0x00000000       0x48 AnimatedImage.o
 .text._ZN5hwlib7wait_usEi
                0x00000000       0x28 AnimatedImage.o
 .text._ZN5hwlib24uart_putc_bit_banged_pinEcRNS_7pin_outE
                0x00000000       0x5c AnimatedImage.o
 .text._ZN5hwlib7wait_nsEi
                0x00000000       0x10 AnimatedImage.o
 .text._ZN5hwlib7wait_msEi
                0x00000000       0x16 AnimatedImage.o
 .text._ZN5hwlib5blinkERNS_7pin_outEi
                0x00000000       0x28 AnimatedImage.o
 .text._ZN5hwlib4kittERNS_11port_in_outEi
                0x00000000       0x54 AnimatedImage.o
 .text._ZN5hwlib4kittERNS_8port_outEi
                0x00000000       0x4e AnimatedImage.o
 .text._ZN5hwlib4kittERNS_7port_ocEi
                0x00000000       0x4e AnimatedImage.o
 .text._ZN5hwlib21graphics_random_linesERNS_6windowE
                0x00000000       0xe8 AnimatedImage.o
 .text._ZN5hwlib23graphics_random_circlesERNS_6windowE
                0x00000000       0x8c AnimatedImage.o
 .text._ZN5hwlib9uart_putcEc
                0x00000000       0x3c AnimatedImage.o
 .text._ZN5hwlib20cout_using_uart_putc4putcEc
                0x00000000        0xa AnimatedImage.o
 .rodata._ZTVN5hwlib19_pin_in_dummy_classE
                0x00000000        0xc AnimatedImage.o
 .rodata._ZTVN5hwlib20_pin_out_dummy_classE
                0x00000000        0xc AnimatedImage.o
 .rodata._ZTVN5hwlib23_pin_in_out_dummy_classE
                0x00000000       0x18 AnimatedImage.o
 .rodata._ZTVN5hwlib19_pin_oc_dummy_classE
                0x00000000       0x10 AnimatedImage.o
 .rodata._ZTVN5hwlib20cout_using_uart_putcE
                0x00000000       0x10 AnimatedImage.o
 .rodata._ZTVN5hwlib4lineE
                0x00000000        0xc AnimatedImage.o
 .rodata._ZTVN5hwlib6circleE
                0x00000000        0xc AnimatedImage.o
 .rodata._ZTVN3due7pin_outE
                0x00000000        0xc AnimatedImage.o
 .bss._ZGVZN5hwlib9uart_putcEcE3pin
                0x00000000        0x4 AnimatedImage.o
 .data._ZN5hwlib12pin_in_dummyE
                0x00000000        0x4 AnimatedImage.o
 .data._ZN5hwlib16pin_in_out_dummyE
                0x00000000        0x4 AnimatedImage.o
 .bss._ZZN5hwlib9uart_putcEcE3pin
                0x00000000        0xc AnimatedImage.o
 .bss._ZZN5hwlib4randEvE1n
                0x00000000        0x4 AnimatedImage.o
 .data._ZN5hwlib13pin_out_dummyE
                0x00000000        0x4 AnimatedImage.o
 .rodata.str1.1
                0x00000000       0x17 AnimatedImage.o
 .data._ZN5hwlib4coutE
                0x00000000       0x14 AnimatedImage.o
 .rodata._ZZN3due8pin_infoENS_4pinsEE14pin_info_array
                0x00000000       0xa4 AnimatedImage.o
 .data._ZN5hwlib12pin_oc_dummyE
                0x00000000        0x4 AnimatedImage.o
 .group         0x00000000        0x8 Timer.o
 .group         0x00000000        0x8 Timer.o
 .group         0x00000000        0x8 Timer.o
 .group         0x00000000        0x8 Timer.o
 .group         0x00000000        0x8 Timer.o
 .group         0x00000000        0x8 Timer.o
 .group         0x00000000        0x8 Timer.o
 .group         0x00000000        0x8 Timer.o
 .group         0x00000000        0x8 Timer.o
 .group         0x00000000        0x8 Timer.o
 .group         0x00000000        0x8 Timer.o
 .group         0x00000000        0x8 Timer.o
 .group         0x00000000        0x8 Timer.o
 .group         0x00000000        0x8 Timer.o
 .group         0x00000000        0x8 Timer.o
 .group         0x00000000        0x8 Timer.o
 .group         0x00000000        0x8 Timer.o
 .group         0x00000000        0x8 Timer.o
 .group         0x00000000        0x8 Timer.o
 .group         0x00000000        0x8 Timer.o
 .group         0x00000000        0x8 Timer.o
 .group         0x00000000        0x8 Timer.o
 .text          0x00000000        0x0 Timer.o
 .data          0x00000000        0x0 Timer.o
 .bss           0x00000000        0x0 Timer.o
 .text._ZN5hwlib19_pin_in_dummy_class3getEv
                0x00000000        0x4 Timer.o
 .text._ZN5hwlib20_pin_out_dummy_class3setEb
                0x00000000        0x2 Timer.o
 .text._ZN5hwlib23_pin_in_out_dummy_class3setEb
                0x00000000        0x2 Timer.o
 .text._ZN5hwlib23_pin_in_out_dummy_class3getEv
                0x00000000        0x4 Timer.o
 .text._ZN5hwlib23_pin_in_out_dummy_class19direction_set_inputEv
                0x00000000        0x2 Timer.o
 .text._ZN5hwlib23_pin_in_out_dummy_class20direction_set_outputEv
                0x00000000        0x2 Timer.o
 .text._ZN5hwlib19_pin_oc_dummy_class3setEb
                0x00000000        0x2 Timer.o
 .text._ZN5hwlib19_pin_oc_dummy_class3getEv
                0x00000000        0x4 Timer.o
 .text._ZN5hwlib7ostream5flushEv
                0x00000000        0x2 Timer.o
 .text._ZN3due7pin_out3setEb
                0x00000000        0xe Timer.o
 .text._ZN5hwlib6window5writeENS_8locationENS_5colorE
                0x00000000       0x3e Timer.o
 .text._ZN5hwlib4line4drawERNS_6windowE
                0x00000000       0xa4 Timer.o
 .text._ZN5hwlib6circle4drawERNS_6windowE
                0x00000000      0x2ec Timer.o
 .text._ZN5hwlib4randEv
                0x00000000       0x20 Timer.o
 .text._ZN5hwlib15random_in_rangeEjj
                0x00000000       0x1a Timer.o
 .text._ZN3due8pin_infoENS_4pinsE
                0x00000000       0x20 Timer.o
 .text._ZN3due14port_registersEi
                0x00000000       0x48 Timer.o
 .text._ZN5hwlib7wait_usEi
                0x00000000       0x28 Timer.o
 .text._ZN5hwlib24uart_putc_bit_banged_pinEcRNS_7pin_outE
                0x00000000       0x5c Timer.o
 .text._ZN5hwlib7wait_nsEi
                0x00000000       0x10 Timer.o
 .text._ZN5hwlib7wait_msEi
                0x00000000       0x16 Timer.o
 .text._ZN5hwlib5blinkERNS_7pin_outEi
                0x00000000       0x28 Timer.o
 .text._ZN5hwlib4kittERNS_11port_in_outEi
                0x00000000       0x54 Timer.o
 .text._ZN5hwlib4kittERNS_8port_outEi
                0x00000000       0x4e Timer.o
 .text._ZN5hwlib4kittERNS_7port_ocEi
                0x00000000       0x4e Timer.o
 .text._ZN5hwlib21graphics_random_linesERNS_6windowE
                0x00000000       0xe8 Timer.o
 .text._ZN5hwlib23graphics_random_circlesERNS_6windowE
                0x00000000       0x8c Timer.o
 .text._ZN5hwlib9uart_putcEc
                0x00000000       0x3c Timer.o
 .text._ZN5hwlib20cout_using_uart_putc4putcEc
                0x00000000        0xa Timer.o
 .text._ZN5Timer5startEv
                0x00000000       0x18 Timer.o
 .text._ZN5Timer4stopEv
                0x00000000        0xc Timer.o
 .text._ZN5Timer17delayMicrosecondsEm
                0x00000000       0x20 Timer.o
 .rodata._ZTVN5hwlib19_pin_in_dummy_classE
                0x00000000        0xc Timer.o
 .rodata._ZTVN5hwlib20_pin_out_dummy_classE
                0x00000000        0xc Timer.o
 .rodata._ZTVN5hwlib23_pin_in_out_dummy_classE
                0x00000000       0x18 Timer.o
 .rodata._ZTVN5hwlib19_pin_oc_dummy_classE
                0x00000000       0x10 Timer.o
 .rodata._ZTVN5hwlib20cout_using_uart_putcE
                0x00000000       0x10 Timer.o
 .rodata._ZTVN5hwlib4lineE
                0x00000000        0xc Timer.o
 .rodata._ZTVN5hwlib6circleE
                0x00000000        0xc Timer.o
 .rodata._ZTVN3due7pin_outE
                0x00000000        0xc Timer.o
 .bss._ZGVZN5hwlib9uart_putcEcE3pin
                0x00000000        0x4 Timer.o
 .data._ZN5hwlib12pin_in_dummyE
                0x00000000        0x4 Timer.o
 .data._ZN5hwlib16pin_in_out_dummyE
                0x00000000        0x4 Timer.o
 .bss._ZZN5hwlib9uart_putcEcE3pin
                0x00000000        0xc Timer.o
 .bss._ZZN5hwlib4randEvE1n
                0x00000000        0x4 Timer.o
 .data._ZN5hwlib13pin_out_dummyE
                0x00000000        0x4 Timer.o
 .rodata.str1.1
                0x00000000       0x17 Timer.o
 .data._ZN5hwlib4coutE
                0x00000000       0x14 Timer.o
 .rodata._ZZN3due8pin_infoENS_4pinsEE14pin_info_array
                0x00000000       0xa4 Timer.o
 .data._ZN5hwlib12pin_oc_dummyE
                0x00000000        0x4 Timer.o
 .group         0x00000000        0x8 Obstacles.o
 .group         0x00000000        0x8 Obstacles.o
 .group         0x00000000        0x8 Obstacles.o
 .group         0x00000000        0x8 Obstacles.o
 .group         0x00000000        0x8 Obstacles.o
 .group         0x00000000        0x8 Obstacles.o
 .group         0x00000000        0x8 Obstacles.o
 .group         0x00000000        0x8 Obstacles.o
 .group         0x00000000        0x8 Obstacles.o
 .group         0x00000000        0x8 Obstacles.o
 .group         0x00000000        0x8 Obstacles.o
 .group         0x00000000        0x8 Obstacles.o
 .group         0x00000000        0x8 Obstacles.o
 .group         0x00000000        0x8 Obstacles.o
 .group         0x00000000        0x8 Obstacles.o
 .group         0x00000000        0x8 Obstacles.o
 .group         0x00000000        0x8 Obstacles.o
 .group         0x00000000        0x8 Obstacles.o
 .group         0x00000000        0x8 Obstacles.o
 .group         0x00000000        0x8 Obstacles.o
 .group         0x00000000        0x8 Obstacles.o
 .group         0x00000000        0x8 Obstacles.o
 .group         0x00000000        0x8 Obstacles.o
 .group         0x00000000        0x8 Obstacles.o
 .group         0x00000000        0x8 Obstacles.o
 .text          0x00000000        0x0 Obstacles.o
 .data          0x00000000        0x0 Obstacles.o
 .bss           0x00000000        0x0 Obstacles.o
 .text._ZN5hwlib19_pin_in_dummy_class3getEv
                0x00000000        0x4 Obstacles.o
 .text._ZN5hwlib20_pin_out_dummy_class3setEb
                0x00000000        0x2 Obstacles.o
 .text._ZN5hwlib23_pin_in_out_dummy_class3setEb
                0x00000000        0x2 Obstacles.o
 .text._ZN5hwlib23_pin_in_out_dummy_class3getEv
                0x00000000        0x4 Obstacles.o
 .text._ZN5hwlib23_pin_in_out_dummy_class19direction_set_inputEv
                0x00000000        0x2 Obstacles.o
 .text._ZN5hwlib23_pin_in_out_dummy_class20direction_set_outputEv
                0x00000000        0x2 Obstacles.o
 .text._ZN5hwlib19_pin_oc_dummy_class3setEb
                0x00000000        0x2 Obstacles.o
 .text._ZN5hwlib19_pin_oc_dummy_class3getEv
                0x00000000        0x4 Obstacles.o
 .text._ZN5hwlib7ostream5flushEv
                0x00000000        0x2 Obstacles.o
 .text._ZN3due7pin_out3setEb
                0x00000000        0xe Obstacles.o
 .text._ZN5hwlib6window5writeENS_8locationENS_5colorE
                0x00000000       0x3e Obstacles.o
 .text._ZN5hwlib4line4drawERNS_6windowE
                0x00000000       0xa4 Obstacles.o
 .text._ZN5hwlib6circle4drawERNS_6windowE
                0x00000000      0x2ec Obstacles.o
 .text._ZN5hwlib4randEv
                0x00000000       0x20 Obstacles.o
 .text._ZN5hwlib15random_in_rangeEjj
                0x00000000       0x1a Obstacles.o
 .text._ZN3due8pin_infoENS_4pinsE
                0x00000000       0x20 Obstacles.o
 .text._ZN3due14port_registersEi
                0x00000000       0x48 Obstacles.o
 .text._ZN5hwlib7wait_usEi
                0x00000000       0x28 Obstacles.o
 .text._ZN5hwlib24uart_putc_bit_banged_pinEcRNS_7pin_outE
                0x00000000       0x5c Obstacles.o
 .text._ZN5hwlib7wait_nsEi
                0x00000000       0x10 Obstacles.o
 .text._ZN5hwlib7wait_msEi
                0x00000000       0x16 Obstacles.o
 .text._ZN5hwlib5blinkERNS_7pin_outEi
                0x00000000       0x28 Obstacles.o
 .text._ZN5hwlib4kittERNS_11port_in_outEi
                0x00000000       0x54 Obstacles.o
 .text._ZN5hwlib4kittERNS_8port_outEi
                0x00000000       0x4e Obstacles.o
 .text._ZN5hwlib4kittERNS_7port_ocEi
                0x00000000       0x4e Obstacles.o
 .text._ZN5hwlib21graphics_random_linesERNS_6windowE
                0x00000000       0xe8 Obstacles.o
 .text._ZN5hwlib23graphics_random_circlesERNS_6windowE
                0x00000000       0x8c Obstacles.o
 .text._ZN5hwlib9uart_putcEc
                0x00000000       0x3c Obstacles.o
 .text._ZN5hwlib20cout_using_uart_putc4putcEc
                0x00000000        0xa Obstacles.o
 .rodata._ZTVN5hwlib19_pin_in_dummy_classE
                0x00000000        0xc Obstacles.o
 .rodata._ZTVN5hwlib20_pin_out_dummy_classE
                0x00000000        0xc Obstacles.o
 .rodata._ZTVN5hwlib23_pin_in_out_dummy_classE
                0x00000000       0x18 Obstacles.o
 .rodata._ZTVN5hwlib19_pin_oc_dummy_classE
                0x00000000       0x10 Obstacles.o
 .rodata._ZTVN5hwlib20cout_using_uart_putcE
                0x00000000       0x10 Obstacles.o
 .rodata._ZTVN5hwlib4lineE
                0x00000000        0xc Obstacles.o
 .rodata._ZTVN5hwlib6circleE
                0x00000000        0xc Obstacles.o
 .rodata._ZTVN3due7pin_outE
                0x00000000        0xc Obstacles.o
 .bss._ZGVZN5hwlib9uart_putcEcE3pin
                0x00000000        0x4 Obstacles.o
 .data._ZN5hwlib12pin_in_dummyE
                0x00000000        0x4 Obstacles.o
 .data._ZN5hwlib16pin_in_out_dummyE
                0x00000000        0x4 Obstacles.o
 .bss._ZZN5hwlib9uart_putcEcE3pin
                0x00000000        0xc Obstacles.o
 .bss._ZZN5hwlib4randEvE1n
                0x00000000        0x4 Obstacles.o
 .data._ZN5hwlib13pin_out_dummyE
                0x00000000        0x4 Obstacles.o
 .rodata.str1.1
                0x00000000       0x17 Obstacles.o
 .data._ZN5hwlib4coutE
                0x00000000       0x14 Obstacles.o
 .rodata._ZZN3due8pin_infoENS_4pinsEE14pin_info_array
                0x00000000       0xa4 Obstacles.o
 .data._ZN5hwlib12pin_oc_dummyE
                0x00000000        0x4 Obstacles.o
 .text          0x00000000        0x0 straightLine.o
 .data          0x00000000        0x0 straightLine.o
 .bss           0x00000000        0x0 straightLine.o
 .group         0x00000000        0x8 Runner.o
 .group         0x00000000        0x8 Runner.o
 .group         0x00000000        0x8 Runner.o
 .group         0x00000000        0x8 Runner.o
 .group         0x00000000        0x8 Runner.o
 .group         0x00000000        0x8 Runner.o
 .group         0x00000000        0x8 Runner.o
 .group         0x00000000        0x8 Runner.o
 .group         0x00000000        0x8 Runner.o
 .group         0x00000000        0x8 Runner.o
 .group         0x00000000        0x8 Runner.o
 .group         0x00000000        0x8 Runner.o
 .group         0x00000000        0x8 Runner.o
 .group         0x00000000        0x8 Runner.o
 .group         0x00000000        0x8 Runner.o
 .group         0x00000000        0x8 Runner.o
 .group         0x00000000        0x8 Runner.o
 .group         0x00000000        0x8 Runner.o
 .group         0x00000000        0x8 Runner.o
 .group         0x00000000        0x8 Runner.o
 .group         0x00000000        0x8 Runner.o
 .group         0x00000000        0x8 Runner.o
 .group         0x00000000        0x8 Runner.o
 .group         0x00000000        0x8 Runner.o
 .group         0x00000000        0x8 Runner.o
 .text          0x00000000        0x0 Runner.o
 .data          0x00000000        0x0 Runner.o
 .bss           0x00000000        0x0 Runner.o
 .text._ZN10Coordinate11getLocationEv
                0x00000000        0xa Runner.o
 .text._ZN15AnimationObject6updateEv
                0x00000000        0x2 Runner.o
 .text._ZN15AnimationObject6updateER10Coordinate
                0x00000000        0x4 Runner.o
 .text._ZN5hwlib19_pin_in_dummy_class3getEv
                0x00000000        0x4 Runner.o
 .text._ZN5hwlib20_pin_out_dummy_class3setEb
                0x00000000        0x2 Runner.o
 .text._ZN5hwlib23_pin_in_out_dummy_class3setEb
                0x00000000        0x2 Runner.o
 .text._ZN5hwlib23_pin_in_out_dummy_class3getEv
                0x00000000        0x4 Runner.o
 .text._ZN5hwlib23_pin_in_out_dummy_class19direction_set_inputEv
                0x00000000        0x2 Runner.o
 .text._ZN5hwlib23_pin_in_out_dummy_class20direction_set_outputEv
                0x00000000        0x2 Runner.o
 .text._ZN5hwlib19_pin_oc_dummy_class3setEb
                0x00000000        0x2 Runner.o
 .text._ZN5hwlib19_pin_oc_dummy_class3getEv
                0x00000000        0x4 Runner.o
 .text._ZN5hwlib7ostream5flushEv
                0x00000000        0x2 Runner.o
 .text._ZN3due7pin_out3setEb
                0x00000000        0xe Runner.o
 .text._ZN5hwlib6window5writeENS_8locationENS_5colorE
                0x00000000       0x3e Runner.o
 .text._ZN5hwlib4line4drawERNS_6windowE
                0x00000000       0xa4 Runner.o
 .text._ZN5hwlib6circle4drawERNS_6windowE
                0x00000000      0x2ec Runner.o
 .text._ZN5hwlib4randEv
                0x00000000       0x20 Runner.o
 .text._ZN5hwlib15random_in_rangeEjj
                0x00000000       0x1a Runner.o
 .text._ZN3due8pin_infoENS_4pinsE
                0x00000000       0x20 Runner.o
 .text._ZN3due14port_registersEi
                0x00000000       0x48 Runner.o
 .text._ZN5hwlib7wait_usEi
                0x00000000       0x28 Runner.o
 .text._ZN5hwlib24uart_putc_bit_banged_pinEcRNS_7pin_outE
                0x00000000       0x5c Runner.o
 .text._ZN5hwlib7wait_nsEi
                0x00000000       0x10 Runner.o
 .text._ZN5hwlib7wait_msEi
                0x00000000       0x16 Runner.o
 .text._ZN5hwlib5blinkERNS_7pin_outEi
                0x00000000       0x28 Runner.o
 .text._ZN5hwlib4kittERNS_11port_in_outEi
                0x00000000       0x54 Runner.o
 .text._ZN5hwlib4kittERNS_8port_outEi
                0x00000000       0x4e Runner.o
 .text._ZN5hwlib4kittERNS_7port_ocEi
                0x00000000       0x4e Runner.o
 .text._ZN5hwlib21graphics_random_linesERNS_6windowE
                0x00000000       0xe8 Runner.o
 .text._ZN5hwlib23graphics_random_circlesERNS_6windowE
                0x00000000       0x8c Runner.o
 .text._ZN5hwlib9uart_putcEc
                0x00000000       0x3c Runner.o
 .text._ZN5hwlib20cout_using_uart_putc4putcEc
                0x00000000        0xa Runner.o
 .rodata._ZTVN5hwlib19_pin_in_dummy_classE
                0x00000000        0xc Runner.o
 .rodata._ZTVN5hwlib20_pin_out_dummy_classE
                0x00000000        0xc Runner.o
 .rodata._ZTVN5hwlib23_pin_in_out_dummy_classE
                0x00000000       0x18 Runner.o
 .rodata._ZTVN5hwlib19_pin_oc_dummy_classE
                0x00000000       0x10 Runner.o
 .rodata._ZTVN5hwlib20cout_using_uart_putcE
                0x00000000       0x10 Runner.o
 .rodata._ZTVN5hwlib4lineE
                0x00000000        0xc Runner.o
 .rodata._ZTVN5hwlib6circleE
                0x00000000        0xc Runner.o
 .rodata._ZTVN3due7pin_outE
                0x00000000        0xc Runner.o
 .bss._ZGVZN5hwlib9uart_putcEcE3pin
                0x00000000        0x4 Runner.o
 .data._ZN5hwlib12pin_in_dummyE
                0x00000000        0x4 Runner.o
 .data._ZN5hwlib16pin_in_out_dummyE
                0x00000000        0x4 Runner.o
 .bss._ZZN5hwlib9uart_putcEcE3pin
                0x00000000        0xc Runner.o
 .bss._ZZN5hwlib4randEvE1n
                0x00000000        0x4 Runner.o
 .data._ZN5hwlib13pin_out_dummyE
                0x00000000        0x4 Runner.o
 .rodata.str1.1
                0x00000000       0x17 Runner.o
 .data._ZN5hwlib4coutE
                0x00000000       0x14 Runner.o
 .rodata._ZZN3due8pin_infoENS_4pinsEE14pin_info_array
                0x00000000       0xa4 Runner.o
 .data._ZN5hwlib12pin_oc_dummyE
                0x00000000        0x4 Runner.o
 .group         0x00000000        0x8 main.o
 .group         0x00000000        0x8 main.o
 .group         0x00000000        0x8 main.o
 .group         0x00000000        0x8 main.o
 .group         0x00000000        0x8 main.o
 .group         0x00000000        0x8 main.o
 .group         0x00000000        0x8 main.o
 .group         0x00000000        0x8 main.o
 .group         0x00000000        0x8 main.o
 .group         0x00000000        0x8 main.o
 .group         0x00000000        0x8 main.o
 .group         0x00000000        0x8 main.o
 .group         0x00000000        0x8 main.o
 .group         0x00000000        0x8 main.o
 .group         0x00000000        0x8 main.o
 .group         0x00000000        0x8 main.o
 .group         0x00000000        0x8 main.o
 .group         0x00000000        0x8 main.o
 .group         0x00000000        0x8 main.o
 .group         0x00000000        0x8 main.o
 .group         0x00000000        0x8 main.o
 .group         0x00000000        0x8 main.o
 .group         0x00000000        0x8 main.o
 .group         0x00000000        0x8 main.o
 .group         0x00000000        0x8 main.o
 .text          0x00000000        0x0 main.o
 .data          0x00000000        0x0 main.o
 .bss           0x00000000        0x0 main.o
 .text._ZN5hwlib19_pin_in_dummy_class3getEv
                0x00000000        0x4 main.o
 .text._ZN5hwlib20_pin_out_dummy_class3setEb
                0x00000000        0x2 main.o
 .text._ZN5hwlib23_pin_in_out_dummy_class3setEb
                0x00000000        0x2 main.o
 .text._ZN5hwlib23_pin_in_out_dummy_class3getEv
                0x00000000        0x4 main.o
 .text._ZN5hwlib23_pin_in_out_dummy_class19direction_set_inputEv
                0x00000000        0x2 main.o
 .text._ZN5hwlib23_pin_in_out_dummy_class20direction_set_outputEv
                0x00000000        0x2 main.o
 .text._ZN5hwlib19_pin_oc_dummy_class3setEb
                0x00000000        0x2 main.o
 .text._ZN5hwlib19_pin_oc_dummy_class3getEv
                0x00000000        0x4 main.o
 .text._ZN5hwlib7ostream5flushEv
                0x00000000        0x2 main.o
 .text._ZN3due7pin_out3setEb
                0x00000000        0xe main.o
 .text._ZN5hwlib6window5writeENS_8locationENS_5colorE
                0x00000000       0x3e main.o
 .text._ZN5hwlib4line4drawERNS_6windowE
                0x00000000       0xa4 main.o
 .text._ZN5hwlib6circle4drawERNS_6windowE
                0x00000000      0x2ec main.o
 .text._ZN5hwlib4randEv
                0x00000000       0x20 main.o
 .text._ZN5hwlib15random_in_rangeEjj
                0x00000000       0x1a main.o
 .text._ZN3due8pin_infoENS_4pinsE
                0x00000000       0x20 main.o
 .text._ZN3due14port_registersEi
                0x00000000       0x48 main.o
 .text._ZN5hwlib7wait_usEi
                0x00000000       0x28 main.o
 .text._ZN5hwlib24uart_putc_bit_banged_pinEcRNS_7pin_outE
                0x00000000       0x5c main.o
 .text._ZN5hwlib7wait_nsEi
                0x00000000       0x10 main.o
 .text._ZN5hwlib7wait_msEi
                0x00000000       0x16 main.o
 .text._ZN5hwlib5blinkERNS_7pin_outEi
                0x00000000       0x28 main.o
 .text._ZN5hwlib4kittERNS_11port_in_outEi
                0x00000000       0x54 main.o
 .text._ZN5hwlib4kittERNS_8port_outEi
                0x00000000       0x4e main.o
 .text._ZN5hwlib4kittERNS_7port_ocEi
                0x00000000       0x4e main.o
 .text._ZN5hwlib21graphics_random_linesERNS_6windowE
                0x00000000       0xe8 main.o
 .text._ZN5hwlib23graphics_random_circlesERNS_6windowE
                0x00000000       0x8c main.o
 .text._ZN5hwlib9uart_putcEc
                0x00000000       0x3c main.o
 .text._ZN5hwlib20cout_using_uart_putc4putcEc
                0x00000000        0xa main.o
 .rodata._ZTVN5hwlib19_pin_in_dummy_classE
                0x00000000        0xc main.o
 .rodata._ZTVN5hwlib20_pin_out_dummy_classE
                0x00000000        0xc main.o
 .rodata._ZTVN5hwlib23_pin_in_out_dummy_classE
                0x00000000       0x18 main.o
 .rodata._ZTVN5hwlib19_pin_oc_dummy_classE
                0x00000000       0x10 main.o
 .rodata._ZTVN5hwlib20cout_using_uart_putcE
                0x00000000       0x10 main.o
 .rodata._ZTVN5hwlib4lineE
                0x00000000        0xc main.o
 .rodata._ZTVN5hwlib6circleE
                0x00000000        0xc main.o
 .rodata._ZTVN3due7pin_outE
                0x00000000        0xc main.o
 .bss._ZGVZN5hwlib9uart_putcEcE3pin
                0x00000000        0x4 main.o
 .data._ZN5hwlib12pin_in_dummyE
                0x00000000        0x4 main.o
 .data._ZN5hwlib16pin_in_out_dummyE
                0x00000000        0x4 main.o
 .bss._ZZN5hwlib9uart_putcEcE3pin
                0x00000000        0xc main.o
 .bss._ZZN5hwlib4randEvE1n
                0x00000000        0x4 main.o
 .data._ZN5hwlib13pin_out_dummyE
                0x00000000        0x4 main.o
 .data._ZN5hwlib4coutE
                0x00000000       0x14 main.o
 .rodata._ZZN3due8pin_infoENS_4pinsEE14pin_info_array
                0x00000000       0xa4 main.o
 .data._ZN5hwlib12pin_oc_dummyE
                0x00000000        0x4 main.o
 .text          0x00000000        0x0 bmptk_cortex.o
 .data          0x00000000        0x0 bmptk_cortex.o
 .bss           0x00000000        0x0 bmptk_cortex.o
 .text.__aeabi_idiv0
                0x00000000        0x4 bmptk_cortex.o
 .text.__cxa_pure_virtual
                0x00000000        0x2 bmptk_cortex.o
 COMMON         0x00000000        0x4 bmptk_cortex.o
 .text          0x00000000        0x0 bmptk_heap_none.o
 .data          0x00000000        0x0 bmptk_heap_none.o
 .bss           0x00000000        0x0 bmptk_heap_none.o
 .text.malloc   0x00000000        0xa bmptk_heap_none.o
 .text.free     0x00000000        0x4 bmptk_heap_none.o
 .text          0x00000000        0x0 bmptk_fixed_size_stack.o
 .data          0x00000000        0x0 bmptk_fixed_size_stack.o
 .bss           0x00000000        0x0 bmptk_fixed_size_stack.o
 .data          0x00000000        0x0 /usr/local/gcc-arm-none-eabi-5_2-2015q4/bin/../lib/gcc/arm-none-eabi/5.2.1/../../../../arm-none-eabi/lib/armv7-m/libc.a(lib_a-memcpy.o)
 .bss           0x00000000        0x0 /usr/local/gcc-arm-none-eabi-5_2-2015q4/bin/../lib/gcc/arm-none-eabi/5.2.1/../../../../arm-none-eabi/lib/armv7-m/libc.a(lib_a-memcpy.o)
 .text          0x00000000        0x0 /usr/local/gcc-arm-none-eabi-5_2-2015q4/bin/../lib/gcc/arm-none-eabi/5.2.1/../../../../arm-none-eabi/lib/armv7-m/libc.a(lib_a-memset.o)
 .data          0x00000000        0x0 /usr/local/gcc-arm-none-eabi-5_2-2015q4/bin/../lib/gcc/arm-none-eabi/5.2.1/../../../../arm-none-eabi/lib/armv7-m/libc.a(lib_a-memset.o)
 .bss           0x00000000        0x0 /usr/local/gcc-arm-none-eabi-5_2-2015q4/bin/../lib/gcc/arm-none-eabi/5.2.1/../../../../arm-none-eabi/lib/armv7-m/libc.a(lib_a-memset.o)

Memory Configuration

Name             Origin             Length             Attributes
rom              0x00000000         0x00080000         xr
ram              0x20000000         0x00018000         xrw
nul              0x20000000         0x00000000         xrw
*default*        0x00000000         0xffffffff

Linker script and memory map

LOAD /usr/local/gcc-arm-none-eabi-5_2-2015q4/bin/../lib/gcc/arm-none-eabi/5.2.1/armv7-m/libgcc.a
LOAD startup_sam3xa.o
LOAD matrix.o
LOAD Image.o
LOAD String.o
LOAD AnimatedImage.o
LOAD Timer.o
LOAD Obstacles.o
LOAD straightLine.o
LOAD Runner.o
LOAD main.o
LOAD bmptk_cortex.o
LOAD bmptk_heap_none.o
LOAD bmptk_fixed_size_stack.o
LOAD /usr/local/gcc-arm-none-eabi-5_2-2015q4/bin/../lib/gcc/arm-none-eabi/5.2.1/../../../../arm-none-eabi/lib/armv7-m/libstdc++.a
LOAD /usr/local/gcc-arm-none-eabi-5_2-2015q4/bin/../lib/gcc/arm-none-eabi/5.2.1/../../../../arm-none-eabi/lib/armv7-m/libm.a
START GROUP
LOAD /usr/local/gcc-arm-none-eabi-5_2-2015q4/bin/../lib/gcc/arm-none-eabi/5.2.1/armv7-m/libgcc.a
LOAD /usr/local/gcc-arm-none-eabi-5_2-2015q4/bin/../lib/gcc/arm-none-eabi/5.2.1/../../../../arm-none-eabi/lib/armv7-m/libc.a
END GROUP
                0x00000000                __rom_start = ORIGIN (rom)
                0x00080000                __rom_size = LENGTH (rom)
                0x00080000                __rom_end = (__rom_start + __rom_size)
                0x20000000                __ram_start = ORIGIN (ram)
                0x00018000                __ram_size = LENGTH (ram)
                0x20018000                __ram_end = (__ram_start + __ram_size)
                [!provide]                PROVIDE (__rom_start, __rom_start)
                [!provide]                PROVIDE (__rom_size, __rom_size)
                [!provide]                PROVIDE (__rom_end, __rom_end)
                [!provide]                PROVIDE (__ram_start, __ram_start)
                [!provide]                PROVIDE (__ram_size, __ram_size)
                [!provide]                PROVIDE (__ram_end, __ram_end)

.text           0x00000000     0xb350
                0x00000000                . = ALIGN (0x4)
                0x00000000                __text_start = .
                [!provide]                PROVIDE (__text_start, __text_start)
                0x00000000                . = ALIGN (0x4)
 *(.vectors)
 .vectors       0x00000000       0xf4 startup_sam3xa.o
                0x00000000                exception_table
 .vectors       0x000000f4       0x20 bmptk_cortex.o
                0x000000f4                __vectors
                0x00000114                . = ALIGN (0x4)
 *(.text .text.* .gnu.linkonce.t.*)
 .text.Dummy_Handler
                0x00000114        0x2 startup_sam3xa.o
                0x00000114                DACC_Handler
                0x00000114                DebugMon_Handler
                0x00000114                DMAC_Handler
                0x00000114                TRNG_Handler
                0x00000114                HardFault_Handler
                0x00000114                TC2_Handler
                0x00000114                SysTick_Handler
                0x00000114                USART3_Handler
                0x00000114                TWI1_Handler
                0x00000114                PendSV_Handler
                0x00000114                NMI_Handler
                0x00000114                TC7_Handler
                0x00000114                ADC_Handler
                0x00000114                SMC_Handler
                0x00000114                USART0_Handler
                0x00000114                RTT_Handler
                0x00000114                EFC1_Handler
                0x00000114                PIOB_Handler
                0x00000114                RTC_Handler
                0x00000114                UsageFault_Handler
                0x00000114                TC6_Handler
                0x00000114                WDT_Handler
                0x00000114                CAN0_Handler
                0x00000114                TC4_Handler
                0x00000114                TC1_Handler
                0x00000114                HSMCI_Handler
                0x00000114                Dummy_Handler
                0x00000114                TWI0_Handler
                0x00000114                USART1_Handler
                0x00000114                PIOA_Handler
                0x00000114                SSC_Handler
                0x00000114                EFC0_Handler
                0x00000114                PMC_Handler
                0x00000114                PWM_Handler
                0x00000114                CAN1_Handler
                0x00000114                MemManage_Handler
                0x00000114                SUPC_Handler
                0x00000114                SVC_Handler
                0x00000114                TC8_Handler
                0x00000114                USART2_Handler
                0x00000114                PIOD_Handler
                0x00000114                EMAC_Handler
                0x00000114                UART_Handler
                0x00000114                PIOC_Handler
                0x00000114                BusFault_Handler
                0x00000114                RSTC_Handler
                0x00000114                TC5_Handler
                0x00000114                UOTGHS_Handler
                0x00000114                SPI0_Handler
 *fill*         0x00000116        0x2 
 .text.Reset_Handler
                0x00000118       0x48 startup_sam3xa.o
                0x00000118                Reset_Handler
 .text._ZN3due7pin_out3setEb
                0x00000160        0xe matrix.o
                0x00000160                due::pin_out::set(bool)
 .text._ZN6matrix5clearEv
                0x0000016e        0x8 matrix.o
                0x0000016e                matrix::clear()
 .text._ZN6matrix10fillScreenEhhh
                0x00000176       0x3e matrix.o
                0x00000176                matrix::fillScreen(unsigned char, unsigned char, unsigned char)
 .text._ZN6matrix10fillScreenEm
                0x000001b4       0x34 matrix.o
                0x000001b4                matrix::fillScreen(unsigned long)
 .text._ZN6matrix5startEv
                0x000001e8       0x14 matrix.o
                0x000001e8                matrix::start()
 .text._ZN6matrix4stopEv
                0x000001fc        0xc matrix.o
                0x000001fc                matrix::stop()
 .text._ZN6matrix6updateEv
                0x00000208      0x12c matrix.o
                0x00000208                matrix::update()
 .text._ZN6matrix11swap_bufferEb
                0x00000334       0x24 matrix.o
                0x00000334                matrix::swap_buffer(bool)
 .text._ZN6matrix9drawPixelEiim
                0x00000358       0x2e matrix.o
                0x00000358                matrix::drawPixel(int, int, unsigned long)
 *fill*         0x00000386        0x2 
 .text._ZN6matrix9drawPixelEiihhh
                0x00000388       0xe0 matrix.o
                0x00000388                matrix::drawPixel(int, int, unsigned char, unsigned char, unsigned char)
 .text._ZN3due8pin_infoENS_4pinsE
                0x00000468       0x20 matrix.o
                0x00000468                due::pin_info(due::pins)
 .text._ZN3due14port_registersEi
                0x00000488       0x48 matrix.o
                0x00000488                due::port_registers(int)
 .text._ZN3due7pin_outC2ENS_4pinsE
                0x000004d0       0x34 matrix.o
                0x000004d0                due::pin_out::pin_out(due::pins)
                0x000004d0                due::pin_out::pin_out(due::pins)
 .text._ZN6matrix4initEv
                0x00000504      0x150 matrix.o
                0x00000504                matrix::init()
 .text._ZN6matrixC2Eiib
                0x00000654      0x128 matrix.o
                0x00000654                matrix::matrix(int, int, bool)
                0x00000654                matrix::matrix(int, int, bool)
 .text._ZN6matrix7update2Ev
                0x0000077c      0x1d0 matrix.o
                0x0000077c                matrix::update2()
 .text.TC3_Handler
                0x0000094c       0x44 matrix.o
                0x0000094c                TC3_Handler
 .text._ZN5Image4drawEv
                0x00000990       0x5a Image.o
                0x00000990                Image::draw()
 .text._ZN6String4drawEv
                0x000009ea       0xe2 String.o
                0x000009ea                String::draw()
 .text._ZN6StringC2ER6ScreenPKhPchhh6vector
                0x00000acc       0x40 String.o
                0x00000acc                String::String(Screen&, unsigned char const*, char*, unsigned char, unsigned char, unsigned char, vector)
                0x00000acc                String::String(Screen&, unsigned char const*, char*, unsigned char, unsigned char, unsigned char, vector)
 .text._ZN6StringC2ER6ScreenPKhPcm6vector
                0x00000b0c       0x38 String.o
                0x00000b0c                String::String(Screen&, unsigned char const*, char*, unsigned long, vector)
                0x00000b0c                String::String(Screen&, unsigned char const*, char*, unsigned long, vector)
 .text._ZN6String5clearEi
                0x00000b44       0x38 String.o
                0x00000b44                String::clear(int)
 .text._ZN6String6scrollEibi
                0x00000b7c      0x138 String.o
                0x00000b7c                String::scroll(int, bool, int)
 .text._ZN13AnimatedImage9drawFrameEi
                0x00000cb4       0x6c AnimatedImage.o
                0x00000cb4                AnimatedImage::drawFrame(int)
 .text._ZN13AnimatedImage4drawEib
                0x00000d20       0x4a AnimatedImage.o
                0x00000d20                AnimatedImage::draw(int, bool)
 .text._ZN13AnimatedImage4drawEv
                0x00000d6a        0x8 AnimatedImage.o
                0x00000d6a                AnimatedImage::draw()
 .text._ZN13AnimatedImage14getTotalFramesEv
                0x00000d72        0x6 AnimatedImage.o
                0x00000d72                AnimatedImage::getTotalFrames()
 .text._ZN5TimerC2Ev
                0x00000d78       0x7c Timer.o
                0x00000d78                Timer::Timer()
                0x00000d78                Timer::Timer()
 .text._ZN5Timer17delayMillisecondsEm
                0x00000df4       0x28 Timer.o
                0x00000df4                Timer::delayMilliseconds(unsigned long)
 .text.TC0_Handler
                0x00000e1c       0x28 Timer.o
                0x00000e1c                TC0_Handler
 .text._ZN10Coordinate11getLocationEv
                0x00000e44        0xa Obstacles.o
                0x00000e44                Coordinate::getLocation()
 .text._ZN15AnimationObject6updateEv
                0x00000e4e        0x2 Obstacles.o
                0x00000e4e                AnimationObject::update()
 .text._ZN15AnimationObject6updateER10Coordinate
                0x00000e50        0x4 Obstacles.o
                0x00000e50                AnimationObject::update(Coordinate&)
 .text._ZN9ObstaclesC2ER6ScreenRN3due6pin_inE6vector
                0x00000e54       0x50 Obstacles.o
                0x00000e54                Obstacles::Obstacles(Screen&, due::pin_in&, vector)
                0x00000e54                Obstacles::Obstacles(Screen&, due::pin_in&, vector)
 .text._ZN9Obstacles9drawBlockE6vectorS0_i
                0x00000ea4       0x3a Obstacles.o
                0x00000ea4                Obstacles::drawBlock(vector, vector, int)
 *fill*         0x00000ede        0x2 
 .text._ZN9Obstacles11drawPatternER10Coordinate
                0x00000ee0       0xf4 Obstacles.o
                0x00000ee0                Obstacles::drawPattern(Coordinate&)
 .text._ZN9Obstacles22drawPattern_upsideDownER10Coordinate
                0x00000fd4       0xf4 Obstacles.o
                0x00000fd4                Obstacles::drawPattern_upsideDown(Coordinate&)
 .text._ZN9Obstacles6updateER10Coordinate
                0x000010c8       0x5c Obstacles.o
                0x000010c8                Obstacles::update(Coordinate&)
 .text._ZThn24_N9Obstacles6updateER10Coordinate
                0x00001124        0x8 Obstacles.o
                0x00001124                non-virtual thunk to Obstacles::update(Coordinate&)
 .text._ZN12straightLine5printEv
                0x0000112c       0x46 straightLine.o
                0x0000112c                straightLine::print()
 .text._ZN6Runner11getLocationEv
                0x00001172        0xa Runner.o
                0x00001172                Runner::getLocation()
 .text._ZN6Runner6updateEv
                0x0000117c       0x80 Runner.o
                0x0000117c                Runner::update()
 .text._ZThn24_N6Runner6updateEv
                0x000011fc        0x8 Runner.o
                0x000011fc                non-virtual thunk to Runner::update()
 .text._ZN6RunnerC2E13AnimatedImageRN3due6pin_inE
                0x00001204       0x5c Runner.o
                0x00001204                Runner::Runner(AnimatedImage, due::pin_in&)
                0x00001204                Runner::Runner(AnimatedImage, due::pin_in&)
 .text._ZN3due6pin_in3getEv
                0x00001260       0x10 main.o
                0x00001260                due::pin_in::get()
 .text.systemInit
                0x00001270       0x7c main.o
                0x00001270                systemInit
 .text._ZN3due6pin_inC2ENS_4pinsE
                0x000012ec       0x34 main.o
                0x000012ec                due::pin_in::pin_in(due::pins)
                0x000012ec                due::pin_in::pin_in(due::pins)
 .text._Z12presentationv
                0x00001320      0x154 main.o
                0x00001320                presentation()
 .text._Z7runGamev
                0x00001474      0x220 main.o
                0x00001474                runGame()
 .text.startup.main
                0x00001694       0x1c main.o
                0x00001694                main
 .text.__startup
                0x000016b0       0x48 bmptk_cortex.o
                0x000016b0                __startup
 .text          0x000016f8       0xec /usr/local/gcc-arm-none-eabi-5_2-2015q4/bin/../lib/gcc/arm-none-eabi/5.2.1/../../../../arm-none-eabi/lib/armv7-m/libc.a(lib_a-memcpy.o)
                0x000016f8                memcpy
 .text.memset   0x000017e4       0x9c /usr/local/gcc-arm-none-eabi-5_2-2015q4/bin/../lib/gcc/arm-none-eabi/5.2.1/../../../../arm-none-eabi/lib/armv7-m/libc.a(lib_a-memset.o)
                0x000017e4                memset
                0x00001880                . = ALIGN (0x4)
 *(.glue_7t .glue_7)
 .glue_7        0x00001880        0x0 linker stubs
 .glue_7t       0x00001880        0x0 linker stubs
                0x00001880                . = ALIGN (0x4)
 *(.rodata .rodata.* .gnu.linkonce.r.*)
 .rodata._ZTVN3due7pin_outE
                0x00001880        0xc matrix.o
                0x00001880                vtable for due::pin_out
 .rodata._ZL5gamma
                0x0000188c      0x100 matrix.o
 .rodata.str1.1
                0x0000198c       0x17 matrix.o
 .rodata._ZZN3due8pin_infoENS_4pinsEE14pin_info_array
                0x000019a3       0xa4 matrix.o
 *fill*         0x00001a47        0x1 
 .rodata._ZTV6matrix
                0x00001a48       0x2c matrix.o
                0x00001a48                vtable for matrix
 .rodata._ZTV5Image
                0x00001a74        0xc Image.o
                0x00001a74                vtable for Image
 .rodata._ZTV6String
                0x00001a80        0xc String.o
                0x00001a80                vtable for String
 .rodata._ZTV13AnimatedImage
                0x00001a8c        0xc AnimatedImage.o
                0x00001a8c                vtable for AnimatedImage
 .rodata._ZTV9Obstacles
                0x00001a98       0x20 Obstacles.o
                0x00001a98                vtable for Obstacles
 .rodata._ZTV6Runner
                0x00001ab8       0x20 Runner.o
                0x00001ab8                vtable for Runner
 .rodata._ZTVN3due6pin_inE
                0x00001ad8        0xc main.o
                0x00001ad8                vtable for due::pin_in
 .rodata._ZL7simpson
                0x00001ae4      0xc03 main.o
 .rodata._ZL2hu
                0x000026e7      0x2a6 main.o
 .rodata._ZL6runner
                0x0000298d      0x5e2 main.o
 .rodata.str1.1
                0x00002f6f       0x73 main.o
                                 0x8a (size before relaxing)
 .rodata._ZL8gameover
                0x00002fe2      0xc03 main.o
 .rodata._ZL9animation
                0x00003be5     0x6006 main.o
 .rodata._ZL7tahoma8
                0x00009beb      0xb13 main.o
 .rodata._ZL8tahoma10
                0x0000a6fe      0xc51 main.o
                0x0000b350                . = ALIGN (0x4)
 *fill*         0x0000b34f        0x1 
 *(.ARM.extab* .gnu.linkonce.armextab.*)
                0x0000b350                . = ALIGN (0x4)
 *(.gcc_except_table)
                0x0000b350                . = ALIGN (0x4)
 *(.eh_frame_hdr)
                0x0000b350                . = ALIGN (0x4)
 *(.eh_frame)
                0x0000b350                . = ALIGN (0x4)
                0x0000b350                __text_end = .
                [!provide]                PROVIDE (__text_end, __text_end)

.vfp11_veneer   0x0000b350        0x0
 .vfp11_veneer  0x0000b350        0x0 linker stubs

.v4_bx          0x0000b350        0x0
 .v4_bx         0x0000b350        0x0 linker stubs

.iplt           0x0000b350        0x0
 .iplt          0x0000b350        0x0 startup_sam3xa.o

.rel.dyn        0x0000b350        0x0
 .rel.iplt      0x0000b350        0x0 startup_sam3xa.o

.IF_YOU_SEE_THIS_YOU_HAVE_ONE_OR_MORE_GLOBAL_OBJECT_CONSTRUCTORS
 *(.init)
 *(.preinit_array)
 *(SORT(.init_array.*))
 *(.init_array)
                0x0000b350                . = ALIGN (0x4)
                0x0000b350                __exidx_start = .
                [!provide]                PROVIDE (__exidx_start, __exidx_start)

.ARM.exidx
 *(.ARM.exidx* .gnu.linkonce.armexidx.*)
                0x0000b350                . = ALIGN (0x4)
                0x0000b350                __exidx_end = .
                [!provide]                PROVIDE (__exidx_end, __exidx_end)

.bss            0x20000000    0x12008
                0x20000000                . = ALIGN (0x4)
                0x20000000                __stack_start = .
                [!provide]                PROVIDE (__stack_start, __stack_start)
                0x20000000                . = ALIGN (0x4)
 *(.bmptk_stack)
 .bmptk_stack   0x20000000    0x12000 bmptk_fixed_size_stack.o
                0x20000000                bmptk_stack
                0x20012000                . = ALIGN (0x8)
                0x20012000                __main_stack_end = .
                [!provide]                PROVIDE (__main_stack_end, __main_stack_end)
                0x20012000                . = ALIGN (0x4)
                0x20012000                __stack_end = .
                [!provide]                PROVIDE (__stack_end, __stack_end)
                0x20012000                . = ALIGN (0x4)
                0x20012000                __bss_start = .
                [!provide]                PROVIDE (__bss_start, __bss_start)
                0x20012000                . = ALIGN (0x4)
 *(.bss .bss.* .gnu.linkonce.b.*)
 .bss._ZL15current_display
                0x20012000        0x4 matrix.o
 .bss._ZL11timer1_flag
                0x20012004        0x4 Timer.o
                0x20012008                . = ALIGN (0x4)
 *(COMMON)
                0x20012008                . = ALIGN (0x4)
                0x20012008                __bss_end = .
                [!provide]                PROVIDE (__bss_end, __bss_end)

.data           0x20012008       0x54 load address 0x0000b350
                0x20012008                . = ALIGN (0x4)
                0x0000b350                __data_init_start = LOADADDR (.data)
                [!provide]                PROVIDE (__data_init_start, __data_init_start)
                0x20012008                __data_start = .
                [!provide]                PROVIDE (__data_start, __data_start)
                0x20012008                . = ALIGN (0x4)
 *(.data .data.* .gnu.linkonce.d.*)
 .data.pattern  0x20012008       0x53 Obstacles.o
                0x20012008                pattern
                0x2001205c                . = ALIGN (0x4)
 *fill*         0x2001205b        0x1 
                0x2001205c                __data_end = .
                [!provide]                PROVIDE (__data_end, __data_end)
                0x0000b350                __data_init_end = LOADADDR (.data)
                [!provide]                PROVIDE (__data_init_end, __data_init_end)
                0x00000054                PROVIDE (__data_size, (__data_end - __data_start))
                0x00000054                PROVIDE (__data_init_size, __data_size)
                [!provide]                PROVIDE (__data_init_end, (__data_init_start + __data_init_size))

.igot.plt       0x2001205c        0x0 load address 0x0000b3a4
 .igot.plt      0x2001205c        0x0 startup_sam3xa.o
                0x2001205c                . = ALIGN (0x4)
                0x2001205c                __heap_start = .
                [!provide]                PROVIDE (__heap_start, __heap_start)
                0x2001205c                . = ALIGN (0x4)
                0x20018000                __heap_end = __ram_end
                [!provide]                PROVIDE (__heap_end, __heap_end)

.stab
 *(.stab)

.stabstr
 *(.stabstr)

.debug
 *(.debug)

.line
 *(.line)

.debug_srcinfo
 *(.debug_srcinfo)

.debug_sfnames
 *(.debug_sfnames)

.debug_aranges
 *(.debug_aranges)

.debug_pubnames
 *(.debug_pubnames)

.debug_info
 *(.debug_info .gnu.linkonce.wi.*)

.debug_abbrev
 *(.debug_abbrev)

.debug_line
 *(.debug_line)

.debug_frame    0x00000000       0x34
 *(.debug_frame)
 .debug_frame   0x00000000       0x34 /usr/local/gcc-arm-none-eabi-5_2-2015q4/bin/../lib/gcc/arm-none-eabi/5.2.1/../../../../arm-none-eabi/lib/armv7-m/libc.a(lib_a-memset.o)

.comment        0x00000000       0x6e
 .comment       0x00000000       0x6e startup_sam3xa.o
                                 0x6f (size before relaxing)
 .comment       0x0000006e       0x6f matrix.o
 .comment       0x0000006e       0x6f Image.o
 .comment       0x0000006e       0x6f String.o
 .comment       0x0000006e       0x6f AnimatedImage.o
 .comment       0x0000006e       0x6f Timer.o
 .comment       0x0000006e       0x6f Obstacles.o
 .comment       0x0000006e       0x6f straightLine.o
 .comment       0x0000006e       0x6f Runner.o
 .comment       0x0000006e       0x6f main.o
 .comment       0x0000006e       0x6f bmptk_cortex.o
 .comment       0x0000006e       0x6f bmptk_heap_none.o
 .comment       0x0000006e       0x6f bmptk_fixed_size_stack.o

.debug_str
 *(.debug_str)

.debug_loc
 *(.debug_loc)

.debug_macinfo
 *(.debug_macinfo)

.debug_weaknames
 *(.debug_weaknames)

.debug_funcnames
 *(.debug_funcnames)

.debug_typenames
 *(.debug_typenames)

.debug_varnames
 *(.debug_varnames)

.note.gnu.arm.ident
 *(.note.gnu.arm.ident)

.ARM.attributes
                0x00000000       0x31
 *(.ARM.attributes)
 .ARM.attributes
                0x00000000       0x33 startup_sam3xa.o
 .ARM.attributes
                0x00000033       0x33 matrix.o
 .ARM.attributes
                0x00000066       0x33 Image.o
 .ARM.attributes
                0x00000099       0x33 String.o
 .ARM.attributes
                0x000000cc       0x33 AnimatedImage.o
 .ARM.attributes
                0x000000ff       0x33 Timer.o
 .ARM.attributes
                0x00000132       0x33 Obstacles.o
 .ARM.attributes
                0x00000165       0x33 straightLine.o
 .ARM.attributes
                0x00000198       0x33 Runner.o
 .ARM.attributes
                0x000001cb       0x33 main.o
 .ARM.attributes
                0x000001fe       0x33 bmptk_cortex.o
 .ARM.attributes
                0x00000231       0x33 bmptk_heap_none.o
 .ARM.attributes
                0x00000264       0x33 bmptk_fixed_size_stack.o
 .ARM.attributes
                0x00000297       0x1b /usr/local/gcc-arm-none-eabi-5_2-2015q4/bin/../lib/gcc/arm-none-eabi/5.2.1/../../../../arm-none-eabi/lib/armv7-m/libc.a(lib_a-memcpy.o)
 .ARM.attributes
                0x000002b2       0x2d /usr/local/gcc-arm-none-eabi-5_2-2015q4/bin/../lib/gcc/arm-none-eabi/5.2.1/../../../../arm-none-eabi/lib/armv7-m/libc.a(lib_a-memset.o)

/DISCARD/
 *(.note.GNU-stack)
                [!provide]                PROVIDE (__text_size, (__text_end - __text_start))
                [!provide]                PROVIDE (__exidx_size, (__exidx_end - __exidx_start))
                [!provide]                PROVIDE (__bss_size, (__bss_end - __bss_start))
                [!provide]                PROVIDE (__stack_size, (__stack_end - __stack_start))
                [!provide]                PROVIDE (__heap_size, (__heap_end - __heap_start))
OUTPUT(main.elf elf32-littlearm)
